../Core/Src/main.c:143:5:main	112	static
../Core/Src/main.c:267:6:SystemClock_Config	88	static
../Core/Src/main.c:320:6:PeriphCommonClock_Config	72	static
../Core/Src/main.c:347:13:MX_CRC_Init	8	static
../Core/Src/main.c:373:13:MX_DMA2D_Init	8	static
../Core/Src/main.c:410:13:MX_DSIHOST_DSI_Init	192	static
../Core/Src/main.c:517:13:MX_I2C1_Init	8	static
../Core/Src/main.c:551:13:MX_I2C2_Init	8	static
../Core/Src/main.c:585:13:MX_LTDC_Init	112	static
../Core/Src/main.c:667:13:MX_QUADSPI_Init	8	static
../Core/Src/main.c:702:13:MX_SAI1_Init	8	static
../Core/Src/main.c:752:13:MX_SDIO_SD_Init	4	static
../Core/Src/main.c:780:13:MX_TIM1_Init	32	static
../Core/Src/main.c:826:13:MX_USART3_UART_Init	8	static
../Core/Src/main.c:860:13:MX_USART6_UART_Init	8	static
../Core/Src/main.c:890:13:MX_FMC_Init	40	static
../Core/Src/main.c:941:13:MX_GPIO_Init	72	static
../Core/Src/main.c:1070:13:nilm_ai_init	64	static
../Core/Src/main.c:1082:13:nilm_push_feature_row	16	static
../Core/Src/main.c:1101:13:nilm_run_inference	24	static
../Core/Src/main.c:1119:13:nilm_denormalize_and_display	152	static
../Core/Src/main.c:1155:13:nilm_process_packet	104	static
../Core/Src/main.c:1175:6:HAL_UART_RxCpltCallback	16	static
../Core/Src/main.c:1191:6:HAL_UART_ErrorCallback	16	static
../Core/Src/main.c:1214:6:StartDefaultTask	16	static
../Core/Src/main.c:1235:6:HAL_TIM_PeriodElapsedCallback	16	static
../Core/Src/main.c:1252:6:Error_Handler	4	static,ignoring_inline_asm
